Archive member included to satisfy reference by file (symbol)

c:/program files (x86)/atmel/studio/7.0/toolchain/avr8/avr8-gnu-toolchain/bin/../lib/gcc/avr/5.4.0/../../../../avr/lib/avr5\libm.a(cmpsf2.o)
                              APP/main.o (__ltsf2)
c:/program files (x86)/atmel/studio/7.0/toolchain/avr8/avr8-gnu-toolchain/bin/../lib/gcc/avr/5.4.0/../../../../avr/lib/avr5\libm.a(fixunssfsi.o)
                              APP/main.o (__fixunssfsi)
c:/program files (x86)/atmel/studio/7.0/toolchain/avr8/avr8-gnu-toolchain/bin/../lib/gcc/avr/5.4.0/../../../../avr/lib/avr5\libm.a(floatsisf.o)
                              APP/main.o (__floatunsisf)
c:/program files (x86)/atmel/studio/7.0/toolchain/avr8/avr8-gnu-toolchain/bin/../lib/gcc/avr/5.4.0/../../../../avr/lib/avr5\libm.a(fp_cmp.o)
                              c:/program files (x86)/atmel/studio/7.0/toolchain/avr8/avr8-gnu-toolchain/bin/../lib/gcc/avr/5.4.0/../../../../avr/lib/avr5\libm.a(cmpsf2.o) (__fp_cmp)
c:/program files (x86)/atmel/studio/7.0/toolchain/avr8/avr8-gnu-toolchain/bin/../lib/gcc/avr/5.4.0/../../../../avr/lib/avr5\libm.a(fp_split3.o)
                              c:/program files (x86)/atmel/studio/7.0/toolchain/avr8/avr8-gnu-toolchain/bin/../lib/gcc/avr/5.4.0/../../../../avr/lib/avr5\libm.a(fixunssfsi.o) (__fp_splitA)
c:/program files (x86)/atmel/studio/7.0/toolchain/avr8/avr8-gnu-toolchain/bin/../lib/gcc/avr/5.4.0/../../../../avr/lib/avr5\libm.a(fp_zero.o)
                              c:/program files (x86)/atmel/studio/7.0/toolchain/avr8/avr8-gnu-toolchain/bin/../lib/gcc/avr/5.4.0/../../../../avr/lib/avr5\libm.a(fixunssfsi.o) (__fp_zero)
c:/program files (x86)/atmel/studio/7.0/toolchain/avr8/avr8-gnu-toolchain/bin/../lib/gcc/avr/5.4.0/../../../../avr/lib/avr5\libm.a(gesf2.o)
                              APP/main.o (__gesf2)
c:/program files (x86)/atmel/studio/7.0/toolchain/avr8/avr8-gnu-toolchain/bin/../lib/gcc/avr/5.4.0/../../../../avr/lib/avr5\libm.a(mulsf3.o)
                              APP/main.o (__mulsf3)
c:/program files (x86)/atmel/studio/7.0/toolchain/avr8/avr8-gnu-toolchain/bin/../lib/gcc/avr/5.4.0/../../../../avr/lib/avr5\libm.a(mulsf3x.o)
                              c:/program files (x86)/atmel/studio/7.0/toolchain/avr8/avr8-gnu-toolchain/bin/../lib/gcc/avr/5.4.0/../../../../avr/lib/avr5\libm.a(mulsf3.o) (__mulsf3x)
c:/program files (x86)/atmel/studio/7.0/toolchain/avr8/avr8-gnu-toolchain/bin/../lib/gcc/avr/5.4.0/../../../../avr/lib/avr5\libm.a(fp_inf.o)
                              c:/program files (x86)/atmel/studio/7.0/toolchain/avr8/avr8-gnu-toolchain/bin/../lib/gcc/avr/5.4.0/../../../../avr/lib/avr5\libm.a(mulsf3x.o) (__fp_inf)
c:/program files (x86)/atmel/studio/7.0/toolchain/avr8/avr8-gnu-toolchain/bin/../lib/gcc/avr/5.4.0/../../../../avr/lib/avr5\libm.a(fp_nan.o)
                              c:/program files (x86)/atmel/studio/7.0/toolchain/avr8/avr8-gnu-toolchain/bin/../lib/gcc/avr/5.4.0/../../../../avr/lib/avr5\libm.a(mulsf3x.o) (__fp_nan)
c:/program files (x86)/atmel/studio/7.0/toolchain/avr8/avr8-gnu-toolchain/bin/../lib/gcc/avr/5.4.0/../../../../avr/lib/avr5\libm.a(fp_pscA.o)
                              c:/program files (x86)/atmel/studio/7.0/toolchain/avr8/avr8-gnu-toolchain/bin/../lib/gcc/avr/5.4.0/../../../../avr/lib/avr5\libm.a(mulsf3x.o) (__fp_pscA)
c:/program files (x86)/atmel/studio/7.0/toolchain/avr8/avr8-gnu-toolchain/bin/../lib/gcc/avr/5.4.0/../../../../avr/lib/avr5\libm.a(fp_pscB.o)
                              c:/program files (x86)/atmel/studio/7.0/toolchain/avr8/avr8-gnu-toolchain/bin/../lib/gcc/avr/5.4.0/../../../../avr/lib/avr5\libm.a(mulsf3x.o) (__fp_pscB)
c:/program files (x86)/atmel/studio/7.0/toolchain/avr8/avr8-gnu-toolchain/bin/../lib/gcc/avr/5.4.0/../../../../avr/lib/avr5\libm.a(fp_round.o)
                              c:/program files (x86)/atmel/studio/7.0/toolchain/avr8/avr8-gnu-toolchain/bin/../lib/gcc/avr/5.4.0/../../../../avr/lib/avr5\libm.a(mulsf3.o) (__fp_round)
c:/program files (x86)/atmel/studio/7.0/toolchain/avr8/avr8-gnu-toolchain/bin/../lib/gcc/avr/5.4.0/avr5\libgcc.a(_udivmodhi4.o)
                              RTOS/Kernel_interface.o (__udivmodhi4)
c:/program files (x86)/atmel/studio/7.0/toolchain/avr8/avr8-gnu-toolchain/bin/../lib/gcc/avr/5.4.0/avr5\libgcc.a(_udivmodsi4.o)
                              HAL/LCD/LCD_prog.o (__udivmodsi4)
c:/program files (x86)/atmel/studio/7.0/toolchain/avr8/avr8-gnu-toolchain/bin/../lib/gcc/avr/5.4.0/avr5\libgcc.a(_exit.o)
                              C:/Program Files (x86)/Atmel/Studio/7.0/Packs/atmel/ATmega_DFP/1.7.374/gcc/dev/atmega32/avr5/crtatmega32.o (exit)
c:/program files (x86)/atmel/studio/7.0/toolchain/avr8/avr8-gnu-toolchain/bin/../lib/gcc/avr/5.4.0/avr5\libgcc.a(_copy_data.o)
                              APP/main.o (__do_copy_data)
c:/program files (x86)/atmel/studio/7.0/toolchain/avr8/avr8-gnu-toolchain/bin/../lib/gcc/avr/5.4.0/avr5\libgcc.a(_clear_bss.o)
                              APP/main.o (__do_clear_bss)
c:/program files (x86)/atmel/studio/7.0/toolchain/avr8/avr8-gnu-toolchain/bin/../lib/gcc/avr/5.4.0/../../../../avr/lib/avr5\libc.a(memcpy.o)
                              FreeRTOS/queue.o (memcpy)

Allocating common symbols
Common symbol       size              file

semaphore           0x2               APP/main.o
queue2              0x2               APP/main.o
queue1              0x2               APP/main.o

Discarded input sections

 .data          0x00000000        0x0 C:/Program Files (x86)/Atmel/Studio/7.0/Packs/atmel/ATmega_DFP/1.7.374/gcc/dev/atmega32/avr5/crtatmega32.o
 .bss           0x00000000        0x0 C:/Program Files (x86)/Atmel/Studio/7.0/Packs/atmel/ATmega_DFP/1.7.374/gcc/dev/atmega32/avr5/crtatmega32.o
 .text          0x00000000        0x0 APP/main.o
 .data          0x00000000        0x0 APP/main.o
 .bss           0x00000000        0x0 APP/main.o
 .text          0x00000000        0x0 FreeRTOS/heap_2.o
 .data          0x00000000        0x0 FreeRTOS/heap_2.o
 .bss           0x00000000        0x0 FreeRTOS/heap_2.o
 .text.xPortGetFreeHeapSize
                0x00000000        0xa FreeRTOS/heap_2.o
 .text.vPortInitialiseBlocks
                0x00000000        0x2 FreeRTOS/heap_2.o
 .text          0x00000000        0x0 FreeRTOS/list.o
 .data          0x00000000        0x0 FreeRTOS/list.o
 .bss           0x00000000        0x0 FreeRTOS/list.o
 .text          0x00000000        0x0 FreeRTOS/port.o
 .data          0x00000000        0x0 FreeRTOS/port.o
 .bss           0x00000000        0x0 FreeRTOS/port.o
 .text.vPortEndScheduler
                0x00000000        0x2 FreeRTOS/port.o
 .text          0x00000000        0x0 FreeRTOS/queue.o
 .data          0x00000000        0x0 FreeRTOS/queue.o
 .bss           0x00000000        0x0 FreeRTOS/queue.o
 .text.prvInitialiseMutex
                0x00000000       0x20 FreeRTOS/queue.o
 .text.xQueueCreateMutex
                0x00000000       0x1c FreeRTOS/queue.o
 .text.xQueueGenericSendFromISR
                0x00000000       0x74 FreeRTOS/queue.o
 .text.xQueueGiveFromISR
                0x00000000       0x52 FreeRTOS/queue.o
 .text.xQueueReceiveFromISR
                0x00000000       0x6e FreeRTOS/queue.o
 .text.xQueuePeekFromISR
                0x00000000       0x2e FreeRTOS/queue.o
 .text.uxQueueMessagesWaiting
                0x00000000       0x10 FreeRTOS/queue.o
 .text.uxQueueSpacesAvailable
                0x00000000       0x16 FreeRTOS/queue.o
 .text.uxQueueMessagesWaitingFromISR
                0x00000000        0x6 FreeRTOS/queue.o
 .text.vQueueDelete
                0x00000000        0x6 FreeRTOS/queue.o
 .text.xQueueIsQueueEmptyFromISR
                0x00000000       0x10 FreeRTOS/queue.o
 .text.xQueueIsQueueFullFromISR
                0x00000000       0x12 FreeRTOS/queue.o
 .text.xQueueCRSend
                0x00000000       0x80 FreeRTOS/queue.o
 .text.xQueueCRReceive
                0x00000000       0x92 FreeRTOS/queue.o
 .text.xQueueCRSendFromISR
                0x00000000       0x4c FreeRTOS/queue.o
 .text.xQueueCRReceiveFromISR
                0x00000000       0x82 FreeRTOS/queue.o
 .text          0x00000000        0x0 FreeRTOS/tasks.o
 .data          0x00000000        0x0 FreeRTOS/tasks.o
 .bss           0x00000000        0x0 FreeRTOS/tasks.o
 .text.prvTaskIsTaskSuspended
                0x00000000       0x2e FreeRTOS/tasks.o
 .text.vTaskDelete
                0x00000000       0xa2 FreeRTOS/tasks.o
 .text.vTaskPrioritySet
                0x00000000       0xfc FreeRTOS/tasks.o
 .text.vTaskResume
                0x00000000       0x84 FreeRTOS/tasks.o
 .text.xTaskResumeFromISR
                0x00000000       0x90 FreeRTOS/tasks.o
 .text.vTaskEndScheduler
                0x00000000        0xc FreeRTOS/tasks.o
 .text.xTaskGetTickCount
                0x00000000       0x14 FreeRTOS/tasks.o
 .text.xTaskGetTickCountFromISR
                0x00000000        0xa FreeRTOS/tasks.o
 .text.uxTaskGetNumberOfTasks
                0x00000000        0x6 FreeRTOS/tasks.o
 .text.pcTaskGetName
                0x00000000       0x10 FreeRTOS/tasks.o
 .text.vTaskDelayUntil
                0x00000000       0x82 FreeRTOS/tasks.o
 .text.vTaskSuspend
                0x00000000       0x9c FreeRTOS/tasks.o
 .text.vTaskPlaceOnUnorderedEventList
                0x00000000       0x32 FreeRTOS/tasks.o
 .text.xTaskRemoveFromUnorderedEventList
                0x00000000       0x74 FreeRTOS/tasks.o
 .text.xTaskGetCurrentTaskHandle
                0x00000000        0xa FreeRTOS/tasks.o
 .text.uxTaskResetEventItemValue
                0x00000000       0x2e FreeRTOS/tasks.o
 .text.ulTaskNotifyTake
                0x00000000       0xae FreeRTOS/tasks.o
 .text.xTaskNotifyWait
                0x00000000      0x108 FreeRTOS/tasks.o
 .text.xTaskGenericNotify
                0x00000000      0x10a FreeRTOS/tasks.o
 .text.xTaskGenericNotifyFromISR
                0x00000000      0x130 FreeRTOS/tasks.o
 .text.vTaskNotifyGiveFromISR
                0x00000000       0xb6 FreeRTOS/tasks.o
 .text.xTaskNotifyStateClear
                0x00000000       0x28 FreeRTOS/tasks.o
 .text          0x00000000        0x0 HAL/DCMOTOR/DCMOTOR_prog.o
 .data          0x00000000        0x0 HAL/DCMOTOR/DCMOTOR_prog.o
 .bss           0x00000000        0x0 HAL/DCMOTOR/DCMOTOR_prog.o
 .text.DCMOTOR_voidCW
                0x00000000       0x7a HAL/DCMOTOR/DCMOTOR_prog.o
 .text.DCMOTOR_voidCWRight
                0x00000000       0x7a HAL/DCMOTOR/DCMOTOR_prog.o
 .text.DCMOTOR_voidCWLeft
                0x00000000       0x7a HAL/DCMOTOR/DCMOTOR_prog.o
 .text.DCMOTOR_voidACW
                0x00000000       0x7a HAL/DCMOTOR/DCMOTOR_prog.o
 .text.DCMOTOR_voidStop
                0x00000000       0x7a HAL/DCMOTOR/DCMOTOR_prog.o
 .debug_info    0x00000000      0x7c9 HAL/DCMOTOR/DCMOTOR_prog.o
 .debug_abbrev  0x00000000       0x71 HAL/DCMOTOR/DCMOTOR_prog.o
 .debug_aranges
                0x00000000       0x40 HAL/DCMOTOR/DCMOTOR_prog.o
 .debug_ranges  0x00000000       0x30 HAL/DCMOTOR/DCMOTOR_prog.o
 .debug_line    0x00000000      0x226 HAL/DCMOTOR/DCMOTOR_prog.o
 .debug_str     0x00000000      0x1f8 HAL/DCMOTOR/DCMOTOR_prog.o
 .comment       0x00000000       0x31 HAL/DCMOTOR/DCMOTOR_prog.o
 .debug_frame   0x00000000       0x64 HAL/DCMOTOR/DCMOTOR_prog.o
 .text          0x00000000        0x0 HAL/KEYPAD/KEYPAD_prog.o
 .data          0x00000000        0x0 HAL/KEYPAD/KEYPAD_prog.o
 .bss           0x00000000        0x0 HAL/KEYPAD/KEYPAD_prog.o
 .text.KEYPAD_voidInit
                0x00000000       0xa6 HAL/KEYPAD/KEYPAD_prog.o
 .text.KEYPAD_u8GetKey
                0x00000000       0xe6 HAL/KEYPAD/KEYPAD_prog.o
 .data.keypad_arr
                0x00000000       0x10 HAL/KEYPAD/KEYPAD_prog.o
 .debug_info    0x00000000      0x27c HAL/KEYPAD/KEYPAD_prog.o
 .debug_abbrev  0x00000000       0xdb HAL/KEYPAD/KEYPAD_prog.o
 .debug_loc     0x00000000      0x1e8 HAL/KEYPAD/KEYPAD_prog.o
 .debug_aranges
                0x00000000       0x28 HAL/KEYPAD/KEYPAD_prog.o
 .debug_ranges  0x00000000       0x18 HAL/KEYPAD/KEYPAD_prog.o
 .debug_line    0x00000000      0x18b HAL/KEYPAD/KEYPAD_prog.o
 .debug_str     0x00000000      0x20c HAL/KEYPAD/KEYPAD_prog.o
 .comment       0x00000000       0x31 HAL/KEYPAD/KEYPAD_prog.o
 .debug_frame   0x00000000       0x8c HAL/KEYPAD/KEYPAD_prog.o
 .text          0x00000000        0x0 HAL/LCD/LCD_prog.o
 .data          0x00000000        0x0 HAL/LCD/LCD_prog.o
 .bss           0x00000000        0x0 HAL/LCD/LCD_prog.o
 .text.LCD_voidDrawData
                0x00000000       0x54 HAL/LCD/LCD_prog.o
 .text          0x00000000        0x0 HAL/LED/LED_prog.o
 .data          0x00000000        0x0 HAL/LED/LED_prog.o
 .bss           0x00000000        0x0 HAL/LED/LED_prog.o
 .text.LED_voidOnLed
                0x00000000        0x8 HAL/LED/LED_prog.o
 .text.LED_voidOffLed
                0x00000000        0x8 HAL/LED/LED_prog.o
 .debug_info    0x00000000      0x133 HAL/LED/LED_prog.o
 .debug_abbrev  0x00000000       0x80 HAL/LED/LED_prog.o
 .debug_loc     0x00000000       0x84 HAL/LED/LED_prog.o
 .debug_aranges
                0x00000000       0x28 HAL/LED/LED_prog.o
 .debug_ranges  0x00000000       0x18 HAL/LED/LED_prog.o
 .debug_line    0x00000000       0xaf HAL/LED/LED_prog.o
 .debug_str     0x00000000      0x1bb HAL/LED/LED_prog.o
 .comment       0x00000000       0x31 HAL/LED/LED_prog.o
 .debug_frame   0x00000000       0x34 HAL/LED/LED_prog.o
 .text          0x00000000        0x0 MCAL/ADC/ADC_prog.o
 .data          0x00000000        0x0 MCAL/ADC/ADC_prog.o
 .bss           0x00000000        0x0 MCAL/ADC/ADC_prog.o
 .text          0x00000000        0x0 MCAL/DIO/DIO_prog.o
 .data          0x00000000        0x0 MCAL/DIO/DIO_prog.o
 .bss           0x00000000        0x0 MCAL/DIO/DIO_prog.o
 .text.DIO_voidTogglePinVal
                0x00000000       0x68 MCAL/DIO/DIO_prog.o
 .text.DIO_u8ReadpinVal
                0x00000000       0x5c MCAL/DIO/DIO_prog.o
 .text.DIO_voidSetPortVal
                0x00000000       0x20 MCAL/DIO/DIO_prog.o
 .text          0x00000000        0x0 MCAL/EXTI/EXTI_prg.o
 .data          0x00000000        0x0 MCAL/EXTI/EXTI_prg.o
 .bss           0x00000000        0x0 MCAL/EXTI/EXTI_prg.o
 .text.EXTI_voidInit
                0x00000000       0xb6 MCAL/EXTI/EXTI_prg.o
 .text.EXTI0_voidEnable
                0x00000000        0x8 MCAL/EXTI/EXTI_prg.o
 .text.EXTI0_voidDisable
                0x00000000        0x8 MCAL/EXTI/EXTI_prg.o
 .text.EXTI1_voidEnable
                0x00000000        0x8 MCAL/EXTI/EXTI_prg.o
 .text.EXTI1_voidDisable
                0x00000000        0x8 MCAL/EXTI/EXTI_prg.o
 .text.EXTI2_voidEnable
                0x00000000        0x8 MCAL/EXTI/EXTI_prg.o
 .text.EXTI2_voidDisable
                0x00000000        0x8 MCAL/EXTI/EXTI_prg.o
 .text.EXTI_voidSetCallBack
                0x00000000       0x2a MCAL/EXTI/EXTI_prg.o
 .text          0x00000000        0x0 MCAL/GI/GI_prog.o
 .data          0x00000000        0x0 MCAL/GI/GI_prog.o
 .bss           0x00000000        0x0 MCAL/GI/GI_prog.o
 .text.GI_voidEnable
                0x00000000        0x8 MCAL/GI/GI_prog.o
 .text.GI_voidDisable
                0x00000000        0x8 MCAL/GI/GI_prog.o
 .debug_info    0x00000000       0xa6 MCAL/GI/GI_prog.o
 .debug_abbrev  0x00000000       0x46 MCAL/GI/GI_prog.o
 .debug_aranges
                0x00000000       0x28 MCAL/GI/GI_prog.o
 .debug_ranges  0x00000000       0x18 MCAL/GI/GI_prog.o
 .debug_line    0x00000000       0x81 MCAL/GI/GI_prog.o
 .debug_str     0x00000000      0x191 MCAL/GI/GI_prog.o
 .comment       0x00000000       0x31 MCAL/GI/GI_prog.o
 .debug_frame   0x00000000       0x34 MCAL/GI/GI_prog.o
 .text          0x00000000        0x0 MCAL/TIMER0/TIMER0_prog.o
 .data          0x00000000        0x0 MCAL/TIMER0/TIMER0_prog.o
 .bss           0x00000000        0x0 MCAL/TIMER0/TIMER0_prog.o
 .text.TIMER0_voidInit
                0x00000000       0x40 MCAL/TIMER0/TIMER0_prog.o
 .text.TIMER0_voidSetCallBack
                0x00000000       0x1e MCAL/TIMER0/TIMER0_prog.o
 .text          0x00000000        0x0 MCAL/UART/UART_prog.o
 .data          0x00000000        0x0 MCAL/UART/UART_prog.o
 .bss           0x00000000        0x0 MCAL/UART/UART_prog.o
 .text.UART_voidTX
                0x00000000        0x8 MCAL/UART/UART_prog.o
 .text          0x00000000        0x0 RTOS/Kernel_interface.o
 .data          0x00000000        0x0 RTOS/Kernel_interface.o
 .bss           0x00000000        0x0 RTOS/Kernel_interface.o
 .text.Kernel_voidSchdulerALO
                0x00000000       0x8a RTOS/Kernel_interface.o
 .text.Kernel_voidCreateTask
                0x00000000       0x3e RTOS/Kernel_interface.o
 .text.Kernel_voidStart
                0x00000000       0x12 RTOS/Kernel_interface.o
 .text.Kernel_voidDeletTask
                0x00000000       0x1c RTOS/Kernel_interface.o
 .text.Kernel_voidSuspendTask
                0x00000000       0x1a RTOS/Kernel_interface.o
 .text.Kernel_voidResumeTask
                0x00000000       0x1c RTOS/Kernel_interface.o
 .bss.count.1617
                0x00000000        0x2 RTOS/Kernel_interface.o
 .bss.TASK_ARR  0x00000000        0xf RTOS/Kernel_interface.o
 .debug_info    0x00000000      0x25d RTOS/Kernel_interface.o
 .debug_abbrev  0x00000000      0x13f RTOS/Kernel_interface.o
 .debug_loc     0x00000000      0x10d RTOS/Kernel_interface.o
 .debug_aranges
                0x00000000       0x48 RTOS/Kernel_interface.o
 .debug_ranges  0x00000000       0x38 RTOS/Kernel_interface.o
 .debug_line    0x00000000      0x170 RTOS/Kernel_interface.o
 .debug_str     0x00000000      0x273 RTOS/Kernel_interface.o
 .comment       0x00000000       0x31 RTOS/Kernel_interface.o
 .debug_frame   0x00000000       0x7c RTOS/Kernel_interface.o
 .text          0x00000000        0x0 c:/program files (x86)/atmel/studio/7.0/toolchain/avr8/avr8-gnu-toolchain/bin/../lib/gcc/avr/5.4.0/../../../../avr/lib/avr5\libm.a(cmpsf2.o)
 .data          0x00000000        0x0 c:/program files (x86)/atmel/studio/7.0/toolchain/avr8/avr8-gnu-toolchain/bin/../lib/gcc/avr/5.4.0/../../../../avr/lib/avr5\libm.a(cmpsf2.o)
 .bss           0x00000000        0x0 c:/program files (x86)/atmel/studio/7.0/toolchain/avr8/avr8-gnu-toolchain/bin/../lib/gcc/avr/5.4.0/../../../../avr/lib/avr5\libm.a(cmpsf2.o)
 .text          0x00000000        0x0 c:/program files (x86)/atmel/studio/7.0/toolchain/avr8/avr8-gnu-toolchain/bin/../lib/gcc/avr/5.4.0/../../../../avr/lib/avr5\libm.a(fixunssfsi.o)
 .data          0x00000000        0x0 c:/program files (x86)/atmel/studio/7.0/toolchain/avr8/avr8-gnu-toolchain/bin/../lib/gcc/avr/5.4.0/../../../../avr/lib/avr5\libm.a(fixunssfsi.o)
 .bss           0x00000000        0x0 c:/program files (x86)/atmel/studio/7.0/toolchain/avr8/avr8-gnu-toolchain/bin/../lib/gcc/avr/5.4.0/../../../../avr/lib/avr5\libm.a(fixunssfsi.o)
 .text          0x00000000        0x0 c:/program files (x86)/atmel/studio/7.0/toolchain/avr8/avr8-gnu-toolchain/bin/../lib/gcc/avr/5.4.0/../../../../avr/lib/avr5\libm.a(floatsisf.o)
 .data          0x00000000        0x0 c:/program files (x86)/atmel/studio/7.0/toolchain/avr8/avr8-gnu-toolchain/bin/../lib/gcc/avr/5.4.0/../../../../avr/lib/avr5\libm.a(floatsisf.o)
 .bss           0x00000000        0x0 c:/program files (x86)/atmel/studio/7.0/toolchain/avr8/avr8-gnu-toolchain/bin/../lib/gcc/avr/5.4.0/../../../../avr/lib/avr5\libm.a(floatsisf.o)
 .text          0x00000000        0x0 c:/program files (x86)/atmel/studio/7.0/toolchain/avr8/avr8-gnu-toolchain/bin/../lib/gcc/avr/5.4.0/../../../../avr/lib/avr5\libm.a(fp_cmp.o)
 .data          0x00000000        0x0 c:/program files (x86)/atmel/studio/7.0/toolchain/avr8/avr8-gnu-toolchain/bin/../lib/gcc/avr/5.4.0/../../../../avr/lib/avr5\libm.a(fp_cmp.o)
 .bss           0x00000000        0x0 c:/program files (x86)/atmel/studio/7.0/toolchain/avr8/avr8-gnu-toolchain/bin/../lib/gcc/avr/5.4.0/../../../../avr/lib/avr5\libm.a(fp_cmp.o)
 .text          0x00000000        0x0 c:/program files (x86)/atmel/studio/7.0/toolchain/avr8/avr8-gnu-toolchain/bin/../lib/gcc/avr/5.4.0/../../../../avr/lib/avr5\libm.a(fp_split3.o)
 .data          0x00000000        0x0 c:/program files (x86)/atmel/studio/7.0/toolchain/avr8/avr8-gnu-toolchain/bin/../lib/gcc/avr/5.4.0/../../../../avr/lib/avr5\libm.a(fp_split3.o)
 .bss           0x00000000        0x0 c:/program files (x86)/atmel/studio/7.0/toolchain/avr8/avr8-gnu-toolchain/bin/../lib/gcc/avr/5.4.0/../../../../avr/lib/avr5\libm.a(fp_split3.o)
 .text          0x00000000        0x0 c:/program files (x86)/atmel/studio/7.0/toolchain/avr8/avr8-gnu-toolchain/bin/../lib/gcc/avr/5.4.0/../../../../avr/lib/avr5\libm.a(fp_zero.o)
 .data          0x00000000        0x0 c:/program files (x86)/atmel/studio/7.0/toolchain/avr8/avr8-gnu-toolchain/bin/../lib/gcc/avr/5.4.0/../../../../avr/lib/avr5\libm.a(fp_zero.o)
 .bss           0x00000000        0x0 c:/program files (x86)/atmel/studio/7.0/toolchain/avr8/avr8-gnu-toolchain/bin/../lib/gcc/avr/5.4.0/../../../../avr/lib/avr5\libm.a(fp_zero.o)
 .text          0x00000000        0x0 c:/program files (x86)/atmel/studio/7.0/toolchain/avr8/avr8-gnu-toolchain/bin/../lib/gcc/avr/5.4.0/../../../../avr/lib/avr5\libm.a(gesf2.o)
 .data          0x00000000        0x0 c:/program files (x86)/atmel/studio/7.0/toolchain/avr8/avr8-gnu-toolchain/bin/../lib/gcc/avr/5.4.0/../../../../avr/lib/avr5\libm.a(gesf2.o)
 .bss           0x00000000        0x0 c:/program files (x86)/atmel/studio/7.0/toolchain/avr8/avr8-gnu-toolchain/bin/../lib/gcc/avr/5.4.0/../../../../avr/lib/avr5\libm.a(gesf2.o)
 .text          0x00000000        0x0 c:/program files (x86)/atmel/studio/7.0/toolchain/avr8/avr8-gnu-toolchain/bin/../lib/gcc/avr/5.4.0/../../../../avr/lib/avr5\libm.a(mulsf3.o)
 .data          0x00000000        0x0 c:/program files (x86)/atmel/studio/7.0/toolchain/avr8/avr8-gnu-toolchain/bin/../lib/gcc/avr/5.4.0/../../../../avr/lib/avr5\libm.a(mulsf3.o)
 .bss           0x00000000        0x0 c:/program files (x86)/atmel/studio/7.0/toolchain/avr8/avr8-gnu-toolchain/bin/../lib/gcc/avr/5.4.0/../../../../avr/lib/avr5\libm.a(mulsf3.o)
 .text          0x00000000        0x0 c:/program files (x86)/atmel/studio/7.0/toolchain/avr8/avr8-gnu-toolchain/bin/../lib/gcc/avr/5.4.0/../../../../avr/lib/avr5\libm.a(mulsf3x.o)
 .data          0x00000000        0x0 c:/program files (x86)/atmel/studio/7.0/toolchain/avr8/avr8-gnu-toolchain/bin/../lib/gcc/avr/5.4.0/../../../../avr/lib/avr5\libm.a(mulsf3x.o)
 .bss           0x00000000        0x0 c:/program files (x86)/atmel/studio/7.0/toolchain/avr8/avr8-gnu-toolchain/bin/../lib/gcc/avr/5.4.0/../../../../avr/lib/avr5\libm.a(mulsf3x.o)
 .text          0x00000000        0x0 c:/program files (x86)/atmel/studio/7.0/toolchain/avr8/avr8-gnu-toolchain/bin/../lib/gcc/avr/5.4.0/../../../../avr/lib/avr5\libm.a(fp_inf.o)
 .data          0x00000000        0x0 c:/program files (x86)/atmel/studio/7.0/toolchain/avr8/avr8-gnu-toolchain/bin/../lib/gcc/avr/5.4.0/../../../../avr/lib/avr5\libm.a(fp_inf.o)
 .bss           0x00000000        0x0 c:/program files (x86)/atmel/studio/7.0/toolchain/avr8/avr8-gnu-toolchain/bin/../lib/gcc/avr/5.4.0/../../../../avr/lib/avr5\libm.a(fp_inf.o)
 .text          0x00000000        0x0 c:/program files (x86)/atmel/studio/7.0/toolchain/avr8/avr8-gnu-toolchain/bin/../lib/gcc/avr/5.4.0/../../../../avr/lib/avr5\libm.a(fp_nan.o)
 .data          0x00000000        0x0 c:/program files (x86)/atmel/studio/7.0/toolchain/avr8/avr8-gnu-toolchain/bin/../lib/gcc/avr/5.4.0/../../../../avr/lib/avr5\libm.a(fp_nan.o)
 .bss           0x00000000        0x0 c:/program files (x86)/atmel/studio/7.0/toolchain/avr8/avr8-gnu-toolchain/bin/../lib/gcc/avr/5.4.0/../../../../avr/lib/avr5\libm.a(fp_nan.o)
 .text          0x00000000        0x0 c:/program files (x86)/atmel/studio/7.0/toolchain/avr8/avr8-gnu-toolchain/bin/../lib/gcc/avr/5.4.0/../../../../avr/lib/avr5\libm.a(fp_pscA.o)
 .data          0x00000000        0x0 c:/program files (x86)/atmel/studio/7.0/toolchain/avr8/avr8-gnu-toolchain/bin/../lib/gcc/avr/5.4.0/../../../../avr/lib/avr5\libm.a(fp_pscA.o)
 .bss           0x00000000        0x0 c:/program files (x86)/atmel/studio/7.0/toolchain/avr8/avr8-gnu-toolchain/bin/../lib/gcc/avr/5.4.0/../../../../avr/lib/avr5\libm.a(fp_pscA.o)
 .text          0x00000000        0x0 c:/program files (x86)/atmel/studio/7.0/toolchain/avr8/avr8-gnu-toolchain/bin/../lib/gcc/avr/5.4.0/../../../../avr/lib/avr5\libm.a(fp_pscB.o)
 .data          0x00000000        0x0 c:/program files (x86)/atmel/studio/7.0/toolchain/avr8/avr8-gnu-toolchain/bin/../lib/gcc/avr/5.4.0/../../../../avr/lib/avr5\libm.a(fp_pscB.o)
 .bss           0x00000000        0x0 c:/program files (x86)/atmel/studio/7.0/toolchain/avr8/avr8-gnu-toolchain/bin/../lib/gcc/avr/5.4.0/../../../../avr/lib/avr5\libm.a(fp_pscB.o)
 .text          0x00000000        0x0 c:/program files (x86)/atmel/studio/7.0/toolchain/avr8/avr8-gnu-toolchain/bin/../lib/gcc/avr/5.4.0/../../../../avr/lib/avr5\libm.a(fp_round.o)
 .data          0x00000000        0x0 c:/program files (x86)/atmel/studio/7.0/toolchain/avr8/avr8-gnu-toolchain/bin/../lib/gcc/avr/5.4.0/../../../../avr/lib/avr5\libm.a(fp_round.o)
 .bss           0x00000000        0x0 c:/program files (x86)/atmel/studio/7.0/toolchain/avr8/avr8-gnu-toolchain/bin/../lib/gcc/avr/5.4.0/../../../../avr/lib/avr5\libm.a(fp_round.o)
 .text          0x00000000        0x0 c:/program files (x86)/atmel/studio/7.0/toolchain/avr8/avr8-gnu-toolchain/bin/../lib/gcc/avr/5.4.0/avr5\libgcc.a(_udivmodhi4.o)
 .data          0x00000000        0x0 c:/program files (x86)/atmel/studio/7.0/toolchain/avr8/avr8-gnu-toolchain/bin/../lib/gcc/avr/5.4.0/avr5\libgcc.a(_udivmodhi4.o)
 .bss           0x00000000        0x0 c:/program files (x86)/atmel/studio/7.0/toolchain/avr8/avr8-gnu-toolchain/bin/../lib/gcc/avr/5.4.0/avr5\libgcc.a(_udivmodhi4.o)
 .text.libgcc.mul
                0x00000000        0x0 c:/program files (x86)/atmel/studio/7.0/toolchain/avr8/avr8-gnu-toolchain/bin/../lib/gcc/avr/5.4.0/avr5\libgcc.a(_udivmodhi4.o)
 .text.libgcc.div
                0x00000000       0x28 c:/program files (x86)/atmel/studio/7.0/toolchain/avr8/avr8-gnu-toolchain/bin/../lib/gcc/avr/5.4.0/avr5\libgcc.a(_udivmodhi4.o)
 .text.libgcc   0x00000000        0x0 c:/program files (x86)/atmel/studio/7.0/toolchain/avr8/avr8-gnu-toolchain/bin/../lib/gcc/avr/5.4.0/avr5\libgcc.a(_udivmodhi4.o)
 .text.libgcc.prologue
                0x00000000        0x0 c:/program files (x86)/atmel/studio/7.0/toolchain/avr8/avr8-gnu-toolchain/bin/../lib/gcc/avr/5.4.0/avr5\libgcc.a(_udivmodhi4.o)
 .text.libgcc.builtins
                0x00000000        0x0 c:/program files (x86)/atmel/studio/7.0/toolchain/avr8/avr8-gnu-toolchain/bin/../lib/gcc/avr/5.4.0/avr5\libgcc.a(_udivmodhi4.o)
 .text.libgcc.fmul
                0x00000000        0x0 c:/program files (x86)/atmel/studio/7.0/toolchain/avr8/avr8-gnu-toolchain/bin/../lib/gcc/avr/5.4.0/avr5\libgcc.a(_udivmodhi4.o)
 .text.libgcc.fixed
                0x00000000        0x0 c:/program files (x86)/atmel/studio/7.0/toolchain/avr8/avr8-gnu-toolchain/bin/../lib/gcc/avr/5.4.0/avr5\libgcc.a(_udivmodhi4.o)
 .text          0x00000000        0x0 c:/program files (x86)/atmel/studio/7.0/toolchain/avr8/avr8-gnu-toolchain/bin/../lib/gcc/avr/5.4.0/avr5\libgcc.a(_udivmodsi4.o)
 .data          0x00000000        0x0 c:/program files (x86)/atmel/studio/7.0/toolchain/avr8/avr8-gnu-toolchain/bin/../lib/gcc/avr/5.4.0/avr5\libgcc.a(_udivmodsi4.o)
 .bss           0x00000000        0x0 c:/program files (x86)/atmel/studio/7.0/toolchain/avr8/avr8-gnu-toolchain/bin/../lib/gcc/avr/5.4.0/avr5\libgcc.a(_udivmodsi4.o)
 .text.libgcc.mul
                0x00000000        0x0 c:/program files (x86)/atmel/studio/7.0/toolchain/avr8/avr8-gnu-toolchain/bin/../lib/gcc/avr/5.4.0/avr5\libgcc.a(_udivmodsi4.o)
 .text.libgcc   0x00000000        0x0 c:/program files (x86)/atmel/studio/7.0/toolchain/avr8/avr8-gnu-toolchain/bin/../lib/gcc/avr/5.4.0/avr5\libgcc.a(_udivmodsi4.o)
 .text.libgcc.prologue
                0x00000000        0x0 c:/program files (x86)/atmel/studio/7.0/toolchain/avr8/avr8-gnu-toolchain/bin/../lib/gcc/avr/5.4.0/avr5\libgcc.a(_udivmodsi4.o)
 .text.libgcc.builtins
                0x00000000        0x0 c:/program files (x86)/atmel/studio/7.0/toolchain/avr8/avr8-gnu-toolchain/bin/../lib/gcc/avr/5.4.0/avr5\libgcc.a(_udivmodsi4.o)
 .text.libgcc.fmul
                0x00000000        0x0 c:/program files (x86)/atmel/studio/7.0/toolchain/avr8/avr8-gnu-toolchain/bin/../lib/gcc/avr/5.4.0/avr5\libgcc.a(_udivmodsi4.o)
 .text.libgcc.fixed
                0x00000000        0x0 c:/program files (x86)/atmel/studio/7.0/toolchain/avr8/avr8-gnu-toolchain/bin/../lib/gcc/avr/5.4.0/avr5\libgcc.a(_udivmodsi4.o)
 .text          0x00000000        0x0 c:/program files (x86)/atmel/studio/7.0/toolchain/avr8/avr8-gnu-toolchain/bin/../lib/gcc/avr/5.4.0/avr5\libgcc.a(_exit.o)
 .data          0x00000000        0x0 c:/program files (x86)/atmel/studio/7.0/toolchain/avr8/avr8-gnu-toolchain/bin/../lib/gcc/avr/5.4.0/avr5\libgcc.a(_exit.o)
 .bss           0x00000000        0x0 c:/program files (x86)/atmel/studio/7.0/toolchain/avr8/avr8-gnu-toolchain/bin/../lib/gcc/avr/5.4.0/avr5\libgcc.a(_exit.o)
 .text.libgcc.mul
                0x00000000        0x0 c:/program files (x86)/atmel/studio/7.0/toolchain/avr8/avr8-gnu-toolchain/bin/../lib/gcc/avr/5.4.0/avr5\libgcc.a(_exit.o)
 .text.libgcc.div
                0x00000000        0x0 c:/program files (x86)/atmel/studio/7.0/toolchain/avr8/avr8-gnu-toolchain/bin/../lib/gcc/avr/5.4.0/avr5\libgcc.a(_exit.o)
 .text.libgcc   0x00000000        0x0 c:/program files (x86)/atmel/studio/7.0/toolchain/avr8/avr8-gnu-toolchain/bin/../lib/gcc/avr/5.4.0/avr5\libgcc.a(_exit.o)
 .text.libgcc.prologue
                0x00000000        0x0 c:/program files (x86)/atmel/studio/7.0/toolchain/avr8/avr8-gnu-toolchain/bin/../lib/gcc/avr/5.4.0/avr5\libgcc.a(_exit.o)
 .text.libgcc.builtins
                0x00000000        0x0 c:/program files (x86)/atmel/studio/7.0/toolchain/avr8/avr8-gnu-toolchain/bin/../lib/gcc/avr/5.4.0/avr5\libgcc.a(_exit.o)
 .text.libgcc.fmul
                0x00000000        0x0 c:/program files (x86)/atmel/studio/7.0/toolchain/avr8/avr8-gnu-toolchain/bin/../lib/gcc/avr/5.4.0/avr5\libgcc.a(_exit.o)
 .text.libgcc.fixed
                0x00000000        0x0 c:/program files (x86)/atmel/studio/7.0/toolchain/avr8/avr8-gnu-toolchain/bin/../lib/gcc/avr/5.4.0/avr5\libgcc.a(_exit.o)
 .text          0x00000000        0x0 c:/program files (x86)/atmel/studio/7.0/toolchain/avr8/avr8-gnu-toolchain/bin/../lib/gcc/avr/5.4.0/avr5\libgcc.a(_copy_data.o)
 .data          0x00000000        0x0 c:/program files (x86)/atmel/studio/7.0/toolchain/avr8/avr8-gnu-toolchain/bin/../lib/gcc/avr/5.4.0/avr5\libgcc.a(_copy_data.o)
 .bss           0x00000000        0x0 c:/program files (x86)/atmel/studio/7.0/toolchain/avr8/avr8-gnu-toolchain/bin/../lib/gcc/avr/5.4.0/avr5\libgcc.a(_copy_data.o)
 .text.libgcc.mul
                0x00000000        0x0 c:/program files (x86)/atmel/studio/7.0/toolchain/avr8/avr8-gnu-toolchain/bin/../lib/gcc/avr/5.4.0/avr5\libgcc.a(_copy_data.o)
 .text.libgcc.div
                0x00000000        0x0 c:/program files (x86)/atmel/studio/7.0/toolchain/avr8/avr8-gnu-toolchain/bin/../lib/gcc/avr/5.4.0/avr5\libgcc.a(_copy_data.o)
 .text.libgcc   0x00000000        0x0 c:/program files (x86)/atmel/studio/7.0/toolchain/avr8/avr8-gnu-toolchain/bin/../lib/gcc/avr/5.4.0/avr5\libgcc.a(_copy_data.o)
 .text.libgcc.prologue
                0x00000000        0x0 c:/program files (x86)/atmel/studio/7.0/toolchain/avr8/avr8-gnu-toolchain/bin/../lib/gcc/avr/5.4.0/avr5\libgcc.a(_copy_data.o)
 .text.libgcc.builtins
                0x00000000        0x0 c:/program files (x86)/atmel/studio/7.0/toolchain/avr8/avr8-gnu-toolchain/bin/../lib/gcc/avr/5.4.0/avr5\libgcc.a(_copy_data.o)
 .text.libgcc.fmul
                0x00000000        0x0 c:/program files (x86)/atmel/studio/7.0/toolchain/avr8/avr8-gnu-toolchain/bin/../lib/gcc/avr/5.4.0/avr5\libgcc.a(_copy_data.o)
 .text.libgcc.fixed
                0x00000000        0x0 c:/program files (x86)/atmel/studio/7.0/toolchain/avr8/avr8-gnu-toolchain/bin/../lib/gcc/avr/5.4.0/avr5\libgcc.a(_copy_data.o)
 .text          0x00000000        0x0 c:/program files (x86)/atmel/studio/7.0/toolchain/avr8/avr8-gnu-toolchain/bin/../lib/gcc/avr/5.4.0/avr5\libgcc.a(_clear_bss.o)
 .data          0x00000000        0x0 c:/program files (x86)/atmel/studio/7.0/toolchain/avr8/avr8-gnu-toolchain/bin/../lib/gcc/avr/5.4.0/avr5\libgcc.a(_clear_bss.o)
 .bss           0x00000000        0x0 c:/program files (x86)/atmel/studio/7.0/toolchain/avr8/avr8-gnu-toolchain/bin/../lib/gcc/avr/5.4.0/avr5\libgcc.a(_clear_bss.o)
 .text.libgcc.mul
                0x00000000        0x0 c:/program files (x86)/atmel/studio/7.0/toolchain/avr8/avr8-gnu-toolchain/bin/../lib/gcc/avr/5.4.0/avr5\libgcc.a(_clear_bss.o)
 .text.libgcc.div
                0x00000000        0x0 c:/program files (x86)/atmel/studio/7.0/toolchain/avr8/avr8-gnu-toolchain/bin/../lib/gcc/avr/5.4.0/avr5\libgcc.a(_clear_bss.o)
 .text.libgcc   0x00000000        0x0 c:/program files (x86)/atmel/studio/7.0/toolchain/avr8/avr8-gnu-toolchain/bin/../lib/gcc/avr/5.4.0/avr5\libgcc.a(_clear_bss.o)
 .text.libgcc.prologue
                0x00000000        0x0 c:/program files (x86)/atmel/studio/7.0/toolchain/avr8/avr8-gnu-toolchain/bin/../lib/gcc/avr/5.4.0/avr5\libgcc.a(_clear_bss.o)
 .text.libgcc.builtins
                0x00000000        0x0 c:/program files (x86)/atmel/studio/7.0/toolchain/avr8/avr8-gnu-toolchain/bin/../lib/gcc/avr/5.4.0/avr5\libgcc.a(_clear_bss.o)
 .text.libgcc.fmul
                0x00000000        0x0 c:/program files (x86)/atmel/studio/7.0/toolchain/avr8/avr8-gnu-toolchain/bin/../lib/gcc/avr/5.4.0/avr5\libgcc.a(_clear_bss.o)
 .text.libgcc.fixed
                0x00000000        0x0 c:/program files (x86)/atmel/studio/7.0/toolchain/avr8/avr8-gnu-toolchain/bin/../lib/gcc/avr/5.4.0/avr5\libgcc.a(_clear_bss.o)
 .text          0x00000000        0x0 c:/program files (x86)/atmel/studio/7.0/toolchain/avr8/avr8-gnu-toolchain/bin/../lib/gcc/avr/5.4.0/../../../../avr/lib/avr5\libc.a(memcpy.o)
 .data          0x00000000        0x0 c:/program files (x86)/atmel/studio/7.0/toolchain/avr8/avr8-gnu-toolchain/bin/../lib/gcc/avr/5.4.0/../../../../avr/lib/avr5\libc.a(memcpy.o)
 .bss           0x00000000        0x0 c:/program files (x86)/atmel/studio/7.0/toolchain/avr8/avr8-gnu-toolchain/bin/../lib/gcc/avr/5.4.0/../../../../avr/lib/avr5\libc.a(memcpy.o)

Memory Configuration

Name             Origin             Length             Attributes
text             0x00000000         0x00008000         xr
data             0x00800060         0x00000800         rw !x
eeprom           0x00810000         0x00000400         rw !x
fuse             0x00820000         0x00000002         rw !x
lock             0x00830000         0x00000400         rw !x
signature        0x00840000         0x00000400         rw !x
user_signatures  0x00850000         0x00000400         rw !x
*default*        0x00000000         0xffffffff

Linker script and memory map

LOAD C:/Program Files (x86)/Atmel/Studio/7.0/Packs/atmel/ATmega_DFP/1.7.374/gcc/dev/atmega32/avr5/crtatmega32.o
LOAD APP/main.o
LOAD FreeRTOS/heap_2.o
LOAD FreeRTOS/list.o
LOAD FreeRTOS/port.o
LOAD FreeRTOS/queue.o
LOAD FreeRTOS/tasks.o
LOAD HAL/DCMOTOR/DCMOTOR_prog.o
LOAD HAL/KEYPAD/KEYPAD_prog.o
LOAD HAL/LCD/LCD_prog.o
LOAD HAL/LED/LED_prog.o
LOAD MCAL/ADC/ADC_prog.o
LOAD MCAL/DIO/DIO_prog.o
LOAD MCAL/EXTI/EXTI_prg.o
LOAD MCAL/GI/GI_prog.o
LOAD MCAL/TIMER0/TIMER0_prog.o
LOAD MCAL/UART/UART_prog.o
LOAD RTOS/Kernel_interface.o
START GROUP
LOAD c:/program files (x86)/atmel/studio/7.0/toolchain/avr8/avr8-gnu-toolchain/bin/../lib/gcc/avr/5.4.0/../../../../avr/lib/avr5\libm.a
END GROUP
START GROUP
LOAD c:/program files (x86)/atmel/studio/7.0/toolchain/avr8/avr8-gnu-toolchain/bin/../lib/gcc/avr/5.4.0/avr5\libgcc.a
LOAD c:/program files (x86)/atmel/studio/7.0/toolchain/avr8/avr8-gnu-toolchain/bin/../lib/gcc/avr/5.4.0/../../../../avr/lib/avr5\libm.a
LOAD c:/program files (x86)/atmel/studio/7.0/toolchain/avr8/avr8-gnu-toolchain/bin/../lib/gcc/avr/5.4.0/../../../../avr/lib/avr5\libc.a
LOAD C:/Program Files (x86)/Atmel/Studio/7.0/Packs/atmel/ATmega_DFP/1.7.374/gcc/dev/atmega32/avr5\libatmega32.a
END GROUP
                0x00000000                __TEXT_REGION_ORIGIN__ = DEFINED (__TEXT_REGION_ORIGIN__)?__TEXT_REGION_ORIGIN__:0x0
                [0x00800060]                __DATA_REGION_ORIGIN__ = DEFINED (__DATA_REGION_ORIGIN__)?__DATA_REGION_ORIGIN__:0x800060
                [0x00008000]                __TEXT_REGION_LENGTH__ = DEFINED (__TEXT_REGION_LENGTH__)?__TEXT_REGION_LENGTH__:0x20000
                [0x00000800]                __DATA_REGION_LENGTH__ = DEFINED (__DATA_REGION_LENGTH__)?__DATA_REGION_LENGTH__:0xffa0
                [0x00000400]                __EEPROM_REGION_LENGTH__ = DEFINED (__EEPROM_REGION_LENGTH__)?__EEPROM_REGION_LENGTH__:0x10000
                [0x00000002]                __FUSE_REGION_LENGTH__ = DEFINED (__FUSE_REGION_LENGTH__)?__FUSE_REGION_LENGTH__:0x400
                0x00000400                __LOCK_REGION_LENGTH__ = DEFINED (__LOCK_REGION_LENGTH__)?__LOCK_REGION_LENGTH__:0x400
                0x00000400                __SIGNATURE_REGION_LENGTH__ = DEFINED (__SIGNATURE_REGION_LENGTH__)?__SIGNATURE_REGION_LENGTH__:0x400
                0x00000400                __USER_SIGNATURE_REGION_LENGTH__ = DEFINED (__USER_SIGNATURE_REGION_LENGTH__)?__USER_SIGNATURE_REGION_LENGTH__:0x400

.hash
 *(.hash)

.dynsym
 *(.dynsym)

.dynstr
 *(.dynstr)

.gnu.version
 *(.gnu.version)

.gnu.version_d
 *(.gnu.version_d)

.gnu.version_r
 *(.gnu.version_r)

.rel.init
 *(.rel.init)

.rela.init
 *(.rela.init)

.rel.text
 *(.rel.text)
 *(.rel.text.*)
 *(.rel.gnu.linkonce.t*)

.rela.text
 *(.rela.text)
 *(.rela.text.*)
 *(.rela.gnu.linkonce.t*)

.rel.fini
 *(.rel.fini)

.rela.fini
 *(.rela.fini)

.rel.rodata
 *(.rel.rodata)
 *(.rel.rodata.*)
 *(.rel.gnu.linkonce.r*)

.rela.rodata
 *(.rela.rodata)
 *(.rela.rodata.*)
 *(.rela.gnu.linkonce.r*)

.rel.data
 *(.rel.data)
 *(.rel.data.*)
 *(.rel.gnu.linkonce.d*)

.rela.data
 *(.rela.data)
 *(.rela.data.*)
 *(.rela.gnu.linkonce.d*)

.rel.ctors
 *(.rel.ctors)

.rela.ctors
 *(.rela.ctors)

.rel.dtors
 *(.rel.dtors)

.rela.dtors
 *(.rela.dtors)

.rel.got
 *(.rel.got)

.rela.got
 *(.rela.got)

.rel.bss
 *(.rel.bss)

.rela.bss
 *(.rela.bss)

.rel.plt
 *(.rel.plt)

.rela.plt
 *(.rela.plt)

.text           0x00000000     0x229e
 *(.vectors)
 .vectors       0x00000000       0x54 C:/Program Files (x86)/Atmel/Studio/7.0/Packs/atmel/ATmega_DFP/1.7.374/gcc/dev/atmega32/avr5/crtatmega32.o
                0x00000000                __vector_default
                0x00000000                __vectors
 *(.vectors)
 *(.progmem.gcc*)
                0x00000054                . = ALIGN (0x2)
                0x00000054                __trampolines_start = .
 *(.trampolines)
 .trampolines   0x00000054        0x0 linker stubs
 *(.trampolines*)
                0x00000054                __trampolines_end = .
 *libprintf_flt.a:*(.progmem.data)
 *libc.a:*(.progmem.data)
 *(.progmem*)
                0x00000054                . = ALIGN (0x2)
 *(.jumptables)
 *(.jumptables*)
 *(.lowtext)
 *(.lowtext*)
                0x00000054                __ctors_start = .
 *(.ctors)
                0x00000054                __ctors_end = .
                0x00000054                __dtors_start = .
 *(.dtors)
                0x00000054                __dtors_end = .
 SORT(*)(.ctors)
 SORT(*)(.dtors)
 *(.init0)
 .init0         0x00000054        0x0 C:/Program Files (x86)/Atmel/Studio/7.0/Packs/atmel/ATmega_DFP/1.7.374/gcc/dev/atmega32/avr5/crtatmega32.o
                0x00000054                __init
 *(.init0)
 *(.init1)
 *(.init1)
 *(.init2)
 .init2         0x00000054        0xc C:/Program Files (x86)/Atmel/Studio/7.0/Packs/atmel/ATmega_DFP/1.7.374/gcc/dev/atmega32/avr5/crtatmega32.o
 *(.init2)
 *(.init3)
 *(.init3)
 *(.init4)
 .init4         0x00000060       0x16 c:/program files (x86)/atmel/studio/7.0/toolchain/avr8/avr8-gnu-toolchain/bin/../lib/gcc/avr/5.4.0/avr5\libgcc.a(_copy_data.o)
                0x00000060                __do_copy_data
 .init4         0x00000076       0x10 c:/program files (x86)/atmel/studio/7.0/toolchain/avr8/avr8-gnu-toolchain/bin/../lib/gcc/avr/5.4.0/avr5\libgcc.a(_clear_bss.o)
                0x00000076                __do_clear_bss
 *(.init4)
 *(.init5)
 *(.init5)
 *(.init6)
 *(.init6)
 *(.init7)
 *(.init7)
 *(.init8)
 *(.init8)
 *(.init9)
 .init9         0x00000086        0x8 C:/Program Files (x86)/Atmel/Studio/7.0/Packs/atmel/ATmega_DFP/1.7.374/gcc/dev/atmega32/avr5/crtatmega32.o
 *(.init9)
 *(.text)
 .text          0x0000008e        0x4 C:/Program Files (x86)/Atmel/Studio/7.0/Packs/atmel/ATmega_DFP/1.7.374/gcc/dev/atmega32/avr5/crtatmega32.o
                0x0000008e                __vector_12
                0x0000008e                __bad_interrupt
                0x0000008e                __vector_6
                0x0000008e                __vector_13
                0x0000008e                __vector_17
                0x0000008e                __vector_19
                0x0000008e                __vector_5
                0x0000008e                __vector_4
                0x0000008e                __vector_9
                0x0000008e                __vector_15
                0x0000008e                __vector_8
                0x0000008e                __vector_14
                0x0000008e                __vector_16
                0x0000008e                __vector_18
                0x0000008e                __vector_20
                0x00000092                . = ALIGN (0x2)
 *(.text.*)
 .text.task1    0x00000092       0x64 APP/main.o
                0x00000092                task1
 .text.task2    0x000000f6       0xca APP/main.o
                0x000000f6                task2
 .text.task3    0x000001c0       0xa4 APP/main.o
                0x000001c0                task3
 .text.task4    0x00000264      0x16e APP/main.o
                0x00000264                task4
 .text.main     0x000003d2       0xd4 APP/main.o
                0x000003d2                main
 .text.prvHeapInit
                0x000004a6       0x36 FreeRTOS/heap_2.o
 .text.pvPortMalloc
                0x000004dc       0xf8 FreeRTOS/heap_2.o
                0x000004dc                pvPortMalloc
 .text.vPortFree
                0x000005d4       0x66 FreeRTOS/heap_2.o
                0x000005d4                vPortFree
 .text.vListInitialise
                0x0000063a       0x1c FreeRTOS/list.o
                0x0000063a                vListInitialise
 .text.vListInitialiseItem
                0x00000656        0x8 FreeRTOS/list.o
                0x00000656                vListInitialiseItem
 .text.vListInsertEnd
                0x0000065e       0x42 FreeRTOS/list.o
                0x0000065e                vListInsertEnd
 .text.vListInsert
                0x000006a0       0x62 FreeRTOS/list.o
                0x000006a0                vListInsert
 .text.uxListRemove
                0x00000702       0x4c FreeRTOS/list.o
                0x00000702                uxListRemove
 .text.prvSetupTimerInterrupt
                0x0000074e       0x12 FreeRTOS/port.o
 .text.pxPortInitialiseStack
                0x00000760       0xd8 FreeRTOS/port.o
                0x00000760                pxPortInitialiseStack
 .text.xPortStartScheduler
                0x00000838       0x5e FreeRTOS/port.o
                0x00000838                xPortStartScheduler
 .text.vPortYield
                0x00000896       0xb2 FreeRTOS/port.o
                0x00000896                vPortYield
 .text.vPortYieldFromTick
                0x00000948       0xb8 FreeRTOS/port.o
                0x00000948                vPortYieldFromTick
 .text.__vector_7
                0x00000a00        0x6 FreeRTOS/port.o
                0x00000a00                __vector_7
 .text.prvIsQueueEmpty
                0x00000a06       0x1a FreeRTOS/queue.o
 .text.prvIsQueueFull
                0x00000a20       0x1c FreeRTOS/queue.o
 .text.prvCopyDataToQueue
                0x00000a3c       0xbe FreeRTOS/queue.o
 .text.prvCopyDataFromQueue
                0x00000afa       0x34 FreeRTOS/queue.o
 .text.prvUnlockQueue
                0x00000b2e       0x68 FreeRTOS/queue.o
 .text.xQueueGenericReset
                0x00000b96       0x8c FreeRTOS/queue.o
                0x00000b96                xQueueGenericReset
 .text.prvInitialiseNewQueue
                0x00000c22       0x26 FreeRTOS/queue.o
 .text.xQueueGenericCreate
                0x00000c48       0x54 FreeRTOS/queue.o
                0x00000c48                xQueueGenericCreate
 .text.xQueueGenericSend
                0x00000c9c      0x124 FreeRTOS/queue.o
                0x00000c9c                xQueueGenericSend
 .text.xQueueGenericReceive
                0x00000dc0      0x182 FreeRTOS/queue.o
                0x00000dc0                xQueueGenericReceive
 .text.prvResetNextTaskUnblockTime
                0x00000f42       0x3e FreeRTOS/tasks.o
 .text.prvDeleteTCB
                0x00000f80       0x1a FreeRTOS/tasks.o
 .text.prvInitialiseNewTask
                0x00000f9a       0xd6 FreeRTOS/tasks.o
 .text.prvInitialiseTaskLists
                0x00001070       0x6e FreeRTOS/tasks.o
 .text.prvAddNewTaskToReadyList
                0x000010de       0xb8 FreeRTOS/tasks.o
 .text.prvAddCurrentTaskToDelayedList
                0x00001196       0xb0 FreeRTOS/tasks.o
 .text.xTaskCreate
                0x00001246       0xa8 FreeRTOS/tasks.o
                0x00001246                xTaskCreate
 .text.vTaskStartScheduler
                0x000012ee       0x54 FreeRTOS/tasks.o
                0x000012ee                vTaskStartScheduler
 .text.vTaskSuspendAll
                0x00001342        0xc FreeRTOS/tasks.o
                0x00001342                vTaskSuspendAll
 .text.xTaskIncrementTick
                0x0000134e      0x174 FreeRTOS/tasks.o
                0x0000134e                xTaskIncrementTick
 .text.xTaskResumeAll
                0x000014c2       0xe4 FreeRTOS/tasks.o
                0x000014c2                xTaskResumeAll
 .text.vTaskDelay
                0x000015a6       0x2c FreeRTOS/tasks.o
                0x000015a6                vTaskDelay
 .text.prvCheckTasksWaitingTermination
                0x000015d2       0x5c FreeRTOS/tasks.o
 .text.prvIdleTask
                0x0000162e        0x6 FreeRTOS/tasks.o
 .text.vTaskSwitchContext
                0x00001634       0xa8 FreeRTOS/tasks.o
                0x00001634                vTaskSwitchContext
 .text.vTaskPlaceOnEventList
                0x000016dc       0x24 FreeRTOS/tasks.o
                0x000016dc                vTaskPlaceOnEventList
 .text.xTaskRemoveFromEventList
                0x00001700       0x90 FreeRTOS/tasks.o
                0x00001700                xTaskRemoveFromEventList
 .text.vTaskSetTimeOutState
                0x00001790       0x16 FreeRTOS/tasks.o
                0x00001790                vTaskSetTimeOutState
 .text.xTaskCheckForTimeOut
                0x000017a6       0x72 FreeRTOS/tasks.o
                0x000017a6                xTaskCheckForTimeOut
 .text.vTaskMissedYield
                0x00001818        0x8 FreeRTOS/tasks.o
                0x00001818                vTaskMissedYield
 .text.vTaskPriorityInherit
                0x00001820       0xc4 FreeRTOS/tasks.o
                0x00001820                vTaskPriorityInherit
 .text.xTaskPriorityDisinherit
                0x000018e4       0x80 FreeRTOS/tasks.o
                0x000018e4                xTaskPriorityDisinherit
 .text.pvTaskIncrementMutexHeldCount
                0x00001964       0x24 FreeRTOS/tasks.o
                0x00001964                pvTaskIncrementMutexHeldCount
 .text.LCD_voidSHD
                0x00001988       0x64 HAL/LCD/LCD_prog.o
                0x00001988                LCD_voidSHD
 .text.LCD_voidSendEnable
                0x000019ec       0x22 HAL/LCD/LCD_prog.o
                0x000019ec                LCD_voidSendEnable
 .text.LCD_voidSendData
                0x00001a0e       0x34 HAL/LCD/LCD_prog.o
                0x00001a0e                LCD_voidSendData
 .text.LCD_voidSendCommand
                0x00001a42       0x34 HAL/LCD/LCD_prog.o
                0x00001a42                LCD_voidSendCommand
 .text.LCD_voidInit
                0x00001a76       0x3e HAL/LCD/LCD_prog.o
                0x00001a76                LCD_voidInit
 .text.LCD_voidSendString
                0x00001ab4       0x26 HAL/LCD/LCD_prog.o
                0x00001ab4                LCD_voidSendString
 .text.LCD_voidGotoxy
                0x00001ada       0x10 HAL/LCD/LCD_prog.o
                0x00001ada                LCD_voidGotoxy
 .text.LCD_voidSendNumber
                0x00001aea       0x94 HAL/LCD/LCD_prog.o
                0x00001aea                LCD_voidSendNumber
 .text.ADC_voidInit
                0x00001b7e       0x20 MCAL/ADC/ADC_prog.o
                0x00001b7e                ADC_voidInit
 .text.ADC_u16ReadChannel
                0x00001b9e       0x22 MCAL/ADC/ADC_prog.o
                0x00001b9e                ADC_u16ReadChannel
 .text.DIO_voidSetPinDir
                0x00001bc0       0xe6 MCAL/DIO/DIO_prog.o
                0x00001bc0                DIO_voidSetPinDir
 .text.DIO_voidSetPinVal
                0x00001ca6       0xe6 MCAL/DIO/DIO_prog.o
                0x00001ca6                DIO_voidSetPinVal
 .text.DIO_voidSetPortDir
                0x00001d8c       0x20 MCAL/DIO/DIO_prog.o
                0x00001d8c                DIO_voidSetPortDir
 .text.__vector_1
                0x00001dac       0x4e MCAL/EXTI/EXTI_prg.o
                0x00001dac                __vector_1
 .text.__vector_2
                0x00001dfa       0x4e MCAL/EXTI/EXTI_prg.o
                0x00001dfa                __vector_2
 .text.__vector_3
                0x00001e48       0x4e MCAL/EXTI/EXTI_prg.o
                0x00001e48                __vector_3
 .text.__vector_11
                0x00001e96       0x4e MCAL/TIMER0/TIMER0_prog.o
                0x00001e96                __vector_11
 .text.__vector_10
                0x00001ee4       0x4e MCAL/TIMER0/TIMER0_prog.o
                0x00001ee4                __vector_10
 .text.TIMER0_voidFastPWM
                0x00001f32       0x44 MCAL/TIMER0/TIMER0_prog.o
                0x00001f32                TIMER0_voidFastPWM
 .text.UART_voidInit
                0x00001f76       0x16 MCAL/UART/UART_prog.o
                0x00001f76                UART_voidInit
 .text.UART_u8RX
                0x00001f8c        0x8 MCAL/UART/UART_prog.o
                0x00001f8c                UART_u8RX
 .text.avr-libc.fplib
                0x00001f94        0xa c:/program files (x86)/atmel/studio/7.0/toolchain/avr8/avr8-gnu-toolchain/bin/../lib/gcc/avr/5.4.0/../../../../avr/lib/avr5\libm.a(cmpsf2.o)
                0x00001f94                __nesf2
                0x00001f94                __eqsf2
                0x00001f94                __cmpsf2
                0x00001f94                __ltsf2
                0x00001f94                __lesf2
 .text.avr-libc.fplib
                0x00001f9e       0x5e c:/program files (x86)/atmel/studio/7.0/toolchain/avr8/avr8-gnu-toolchain/bin/../lib/gcc/avr/5.4.0/../../../../avr/lib/avr5\libm.a(fixunssfsi.o)
                0x00001f9e                __fixunssfsi
 .text.avr-libc.fplib
                0x00001ffc       0x7a c:/program files (x86)/atmel/studio/7.0/toolchain/avr8/avr8-gnu-toolchain/bin/../lib/gcc/avr/5.4.0/../../../../avr/lib/avr5\libm.a(floatsisf.o)
                0x00001ffc                __floatunsisf
                0x00002000                __floatsisf
 .text.avr-libc.fplib
                0x00002076       0x48 c:/program files (x86)/atmel/studio/7.0/toolchain/avr8/avr8-gnu-toolchain/bin/../lib/gcc/avr/5.4.0/../../../../avr/lib/avr5\libm.a(fp_cmp.o)
                0x00002076                __fp_cmp
 .text.avr-libc.fplib
                0x000020be       0x44 c:/program files (x86)/atmel/studio/7.0/toolchain/avr8/avr8-gnu-toolchain/bin/../lib/gcc/avr/5.4.0/../../../../avr/lib/avr5\libm.a(fp_split3.o)
                0x000020be                __fp_split3
                0x000020ce                __fp_splitA
 .text.avr-libc.fplib
                0x00002102        0xe c:/program files (x86)/atmel/studio/7.0/toolchain/avr8/avr8-gnu-toolchain/bin/../lib/gcc/avr/5.4.0/../../../../avr/lib/avr5\libm.a(fp_zero.o)
                0x00002102                __fp_zero
                0x00002104                __fp_szero
 .text.avr-libc.fplib
                0x00002110        0xa c:/program files (x86)/atmel/studio/7.0/toolchain/avr8/avr8-gnu-toolchain/bin/../lib/gcc/avr/5.4.0/../../../../avr/lib/avr5\libm.a(gesf2.o)
                0x00002110                __gesf2
                0x00002110                __gtsf2
 .text.avr-libc.fplib
                0x0000211a        0x8 c:/program files (x86)/atmel/studio/7.0/toolchain/avr8/avr8-gnu-toolchain/bin/../lib/gcc/avr/5.4.0/../../../../avr/lib/avr5\libm.a(mulsf3.o)
                0x0000211a                __mulsf3
 .text.avr-libc.fplib
                0x00002122       0xd2 c:/program files (x86)/atmel/studio/7.0/toolchain/avr8/avr8-gnu-toolchain/bin/../lib/gcc/avr/5.4.0/../../../../avr/lib/avr5\libm.a(mulsf3x.o)
                0x00002140                __mulsf3x
                0x00002146                __mulsf3_pse
 .text.avr-libc.fplib
                0x000021f4        0xc c:/program files (x86)/atmel/studio/7.0/toolchain/avr8/avr8-gnu-toolchain/bin/../lib/gcc/avr/5.4.0/../../../../avr/lib/avr5\libm.a(fp_inf.o)
                0x000021f4                __fp_inf
 .text.avr-libc.fplib
                0x00002200        0x6 c:/program files (x86)/atmel/studio/7.0/toolchain/avr8/avr8-gnu-toolchain/bin/../lib/gcc/avr/5.4.0/../../../../avr/lib/avr5\libm.a(fp_nan.o)
                0x00002200                __fp_nan
 .text.avr-libc.fplib
                0x00002206        0xe c:/program files (x86)/atmel/studio/7.0/toolchain/avr8/avr8-gnu-toolchain/bin/../lib/gcc/avr/5.4.0/../../../../avr/lib/avr5\libm.a(fp_pscA.o)
                0x00002206                __fp_pscA
 .text.avr-libc.fplib
                0x00002214        0xe c:/program files (x86)/atmel/studio/7.0/toolchain/avr8/avr8-gnu-toolchain/bin/../lib/gcc/avr/5.4.0/../../../../avr/lib/avr5\libm.a(fp_pscB.o)
                0x00002214                __fp_pscB
 .text.avr-libc.fplib
                0x00002222       0x22 c:/program files (x86)/atmel/studio/7.0/toolchain/avr8/avr8-gnu-toolchain/bin/../lib/gcc/avr/5.4.0/../../../../avr/lib/avr5\libm.a(fp_round.o)
                0x00002222                __fp_round
 .text.libgcc.div
                0x00002244       0x44 c:/program files (x86)/atmel/studio/7.0/toolchain/avr8/avr8-gnu-toolchain/bin/../lib/gcc/avr/5.4.0/avr5\libgcc.a(_udivmodsi4.o)
                0x00002244                __udivmodsi4
 .text.avr-libc
                0x00002288       0x12 c:/program files (x86)/atmel/studio/7.0/toolchain/avr8/avr8-gnu-toolchain/bin/../lib/gcc/avr/5.4.0/../../../../avr/lib/avr5\libc.a(memcpy.o)
                0x00002288                memcpy
                0x0000229a                . = ALIGN (0x2)
 *(.fini9)
 .fini9         0x0000229a        0x0 c:/program files (x86)/atmel/studio/7.0/toolchain/avr8/avr8-gnu-toolchain/bin/../lib/gcc/avr/5.4.0/avr5\libgcc.a(_exit.o)
                0x0000229a                _exit
                0x0000229a                exit
 *(.fini9)
 *(.fini8)
 *(.fini8)
 *(.fini7)
 *(.fini7)
 *(.fini6)
 *(.fini6)
 *(.fini5)
 *(.fini5)
 *(.fini4)
 *(.fini4)
 *(.fini3)
 *(.fini3)
 *(.fini2)
 *(.fini2)
 *(.fini1)
 *(.fini1)
 *(.fini0)
 .fini0         0x0000229a        0x4 c:/program files (x86)/atmel/studio/7.0/toolchain/avr8/avr8-gnu-toolchain/bin/../lib/gcc/avr/5.4.0/avr5\libgcc.a(_exit.o)
 *(.fini0)
                0x0000229e                _etext = .

.data           0x00800060       0xa0 load address 0x0000229e
                0x00800060                PROVIDE (__data_start, .)
 *(.data)
 *(.data*)
 .data.xFreeBytesRemaining
                0x00800060        0x2 FreeRTOS/heap_2.o
 *(.gnu.linkonce.d*)
 *(.rodata)
 *(.rodata*)
 .rodata.str1.1
                0x00800062       0x98 APP/main.o
 .rodata.str1.1
                0x008000fa        0x5 FreeRTOS/tasks.o
 *(.gnu.linkonce.r*)
                0x00800100                . = ALIGN (0x2)
 *fill*         0x008000ff        0x1 
                0x00800100                _edata = .
                0x00800100                PROVIDE (__data_end, .)

.bss            0x00800100      0x45e
                0x00800100                PROVIDE (__bss_start, .)
 *(.bss)
 *(.bss*)
 .bss.xHeapHasBeenInitialised.2079
                0x00800100        0x1 FreeRTOS/heap_2.o
 .bss.xEnd      0x00800101        0x4 FreeRTOS/heap_2.o
 .bss.xStart    0x00800105        0x4 FreeRTOS/heap_2.o
 .bss.ucHeap    0x00800109      0x3e8 FreeRTOS/heap_2.o
 .bss.uxSchedulerSuspended
                0x008004f1        0x1 FreeRTOS/tasks.o
 .bss.xIdleTaskHandle
                0x008004f2        0x2 FreeRTOS/tasks.o
 .bss.xNextTaskUnblockTime
                0x008004f4        0x2 FreeRTOS/tasks.o
 .bss.uxTaskNumber
                0x008004f6        0x1 FreeRTOS/tasks.o
 .bss.xNumOfOverflows
                0x008004f7        0x1 FreeRTOS/tasks.o
 .bss.xYieldPending
                0x008004f8        0x1 FreeRTOS/tasks.o
 .bss.uxPendedTicks
                0x008004f9        0x1 FreeRTOS/tasks.o
 .bss.xSchedulerRunning
                0x008004fa        0x1 FreeRTOS/tasks.o
 .bss.uxTopReadyPriority
                0x008004fb        0x1 FreeRTOS/tasks.o
 .bss.xTickCount
                0x008004fc        0x2 FreeRTOS/tasks.o
 .bss.uxCurrentNumberOfTasks
                0x008004fe        0x1 FreeRTOS/tasks.o
 .bss.xSuspendedTaskList
                0x008004ff        0x9 FreeRTOS/tasks.o
 .bss.uxDeletedTasksWaitingCleanUp
                0x00800508        0x1 FreeRTOS/tasks.o
 .bss.xTasksWaitingTermination
                0x00800509        0x9 FreeRTOS/tasks.o
 .bss.xPendingReadyList
                0x00800512        0x9 FreeRTOS/tasks.o
 .bss.pxOverflowDelayedTaskList
                0x0080051b        0x2 FreeRTOS/tasks.o
 .bss.pxDelayedTaskList
                0x0080051d        0x2 FreeRTOS/tasks.o
 .bss.xDelayedTaskList2
                0x0080051f        0x9 FreeRTOS/tasks.o
 .bss.xDelayedTaskList1
                0x00800528        0x9 FreeRTOS/tasks.o
 .bss.pxReadyTasksLists
                0x00800531       0x1b FreeRTOS/tasks.o
 .bss.pxCurrentTCB
                0x0080054c        0x2 FreeRTOS/tasks.o
                0x0080054c                pxCurrentTCB
 .bss.EXTI_PTR  0x0080054e        0x6 MCAL/EXTI/EXTI_prg.o
                0x0080054e                EXTI_PTR
 .bss.TIM0_PTR  0x00800554        0x4 MCAL/TIMER0/TIMER0_prog.o
                0x00800554                TIM0_PTR
 *(COMMON)
 COMMON         0x00800558        0x6 APP/main.o
                0x00800558                semaphore
                0x0080055a                queue2
                0x0080055c                queue1
                0x0080055e                PROVIDE (__bss_end, .)
                0x0000229e                __data_load_start = LOADADDR (.data)
                0x0000233e                __data_load_end = (__data_load_start + SIZEOF (.data))

.noinit         0x0080055e        0x0
                [!provide]                PROVIDE (__noinit_start, .)
 *(.noinit*)
                [!provide]                PROVIDE (__noinit_end, .)
                0x0080055e                _end = .
                [!provide]                PROVIDE (__heap_start, .)

.eeprom         0x00810000        0x0
 *(.eeprom*)
                0x00810000                __eeprom_end = .

.fuse
 *(.fuse)
 *(.lfuse)
 *(.hfuse)
 *(.efuse)

.lock
 *(.lock*)

.signature
 *(.signature*)

.user_signatures
 *(.user_signatures*)

.stab
 *(.stab)

.stabstr
 *(.stabstr)

.stab.excl
 *(.stab.excl)

.stab.exclstr
 *(.stab.exclstr)

.stab.index
 *(.stab.index)

.stab.indexstr
 *(.stab.indexstr)

.comment        0x00000000       0x30
 *(.comment)
 .comment       0x00000000       0x30 APP/main.o
                                 0x31 (size before relaxing)
 .comment       0x00000030       0x31 FreeRTOS/heap_2.o
 .comment       0x00000030       0x31 FreeRTOS/list.o
 .comment       0x00000030       0x31 FreeRTOS/port.o
 .comment       0x00000030       0x31 FreeRTOS/queue.o
 .comment       0x00000030       0x31 FreeRTOS/tasks.o
 .comment       0x00000030       0x31 HAL/LCD/LCD_prog.o
 .comment       0x00000030       0x31 MCAL/ADC/ADC_prog.o
 .comment       0x00000030       0x31 MCAL/DIO/DIO_prog.o
 .comment       0x00000030       0x31 MCAL/EXTI/EXTI_prg.o
 .comment       0x00000030       0x31 MCAL/TIMER0/TIMER0_prog.o
 .comment       0x00000030       0x31 MCAL/UART/UART_prog.o

.note.gnu.avr.deviceinfo
                0x00000000       0x3c
 .note.gnu.avr.deviceinfo
                0x00000000       0x3c C:/Program Files (x86)/Atmel/Studio/7.0/Packs/atmel/ATmega_DFP/1.7.374/gcc/dev/atmega32/avr5/crtatmega32.o

.note.gnu.build-id
 *(.note.gnu.build-id)

.debug
 *(.debug)

.line
 *(.line)

.debug_srcinfo
 *(.debug_srcinfo)

.debug_sfnames
 *(.debug_sfnames)

.debug_aranges  0x00000000      0x528
 *(.debug_aranges)
 .debug_aranges
                0x00000000       0x40 APP/main.o
 .debug_aranges
                0x00000040       0x40 FreeRTOS/heap_2.o
 .debug_aranges
                0x00000080       0x40 FreeRTOS/list.o
 .debug_aranges
                0x000000c0       0x50 FreeRTOS/port.o
 .debug_aranges
                0x00000110       0xe8 FreeRTOS/queue.o
 .debug_aranges
                0x000001f8      0x180 FreeRTOS/tasks.o
 .debug_aranges
                0x00000378       0x60 HAL/LCD/LCD_prog.o
 .debug_aranges
                0x000003d8       0x28 MCAL/ADC/ADC_prog.o
 .debug_aranges
                0x00000400       0x48 MCAL/DIO/DIO_prog.o
 .debug_aranges
                0x00000448       0x70 MCAL/EXTI/EXTI_prg.o
 .debug_aranges
                0x000004b8       0x40 MCAL/TIMER0/TIMER0_prog.o
 .debug_aranges
                0x000004f8       0x30 MCAL/UART/UART_prog.o

.debug_pubnames
 *(.debug_pubnames)

.debug_info     0x00000000     0x5563
 *(.debug_info .gnu.linkonce.wi.*)
 .debug_info    0x00000000      0x4e6 C:/Program Files (x86)/Atmel/Studio/7.0/Packs/atmel/ATmega_DFP/1.7.374/gcc/dev/atmega32/avr5/crtatmega32.o
 .debug_info    0x000004e6      0xa55 APP/main.o
 .debug_info    0x00000f3b      0x329 FreeRTOS/heap_2.o
 .debug_info    0x00001264      0x2cd FreeRTOS/list.o
 .debug_info    0x00001531      0x24e FreeRTOS/port.o
 .debug_info    0x0000177f     0x146f FreeRTOS/queue.o
 .debug_info    0x00002bee     0x1c9f FreeRTOS/tasks.o
 .debug_info    0x0000488d      0x5fe HAL/LCD/LCD_prog.o
 .debug_info    0x00004e8b       0xc4 MCAL/ADC/ADC_prog.o
 .debug_info    0x00004f4f      0x1e9 MCAL/DIO/DIO_prog.o
 .debug_info    0x00005138      0x1e2 MCAL/EXTI/EXTI_prg.o
 .debug_info    0x0000531a      0x165 MCAL/TIMER0/TIMER0_prog.o
 .debug_info    0x0000547f       0xe4 MCAL/UART/UART_prog.o

.debug_abbrev   0x00000000     0x13b1
 *(.debug_abbrev)
 .debug_abbrev  0x00000000      0x4a3 C:/Program Files (x86)/Atmel/Studio/7.0/Packs/atmel/ATmega_DFP/1.7.374/gcc/dev/atmega32/avr5/crtatmega32.o
 .debug_abbrev  0x000004a3      0x17a APP/main.o
 .debug_abbrev  0x0000061d      0x1a0 FreeRTOS/heap_2.o
 .debug_abbrev  0x000007bd       0xf8 FreeRTOS/list.o
 .debug_abbrev  0x000008b5      0x143 FreeRTOS/port.o
 .debug_abbrev  0x000009f8      0x211 FreeRTOS/queue.o
 .debug_abbrev  0x00000c09      0x2bf FreeRTOS/tasks.o
 .debug_abbrev  0x00000ec8      0x1a1 HAL/LCD/LCD_prog.o
 .debug_abbrev  0x00001069       0x6d MCAL/ADC/ADC_prog.o
 .debug_abbrev  0x000010d6       0xa9 MCAL/DIO/DIO_prog.o
 .debug_abbrev  0x0000117f       0xd8 MCAL/EXTI/EXTI_prg.o
 .debug_abbrev  0x00001257       0xda MCAL/TIMER0/TIMER0_prog.o
 .debug_abbrev  0x00001331       0x80 MCAL/UART/UART_prog.o

.debug_line     0x00000000     0x32f1
 *(.debug_line .debug_line.* .debug_line_end)
 .debug_line    0x00000000      0x116 C:/Program Files (x86)/Atmel/Studio/7.0/Packs/atmel/ATmega_DFP/1.7.374/gcc/dev/atmega32/avr5/crtatmega32.o
 .debug_line    0x00000116      0x43d APP/main.o
 .debug_line    0x00000553      0x29e FreeRTOS/heap_2.o
 .debug_line    0x000007f1      0x1d2 FreeRTOS/list.o
 .debug_line    0x000009c3      0x2a4 FreeRTOS/port.o
 .debug_line    0x00000c67      0xaaa FreeRTOS/queue.o
 .debug_line    0x00001711     0x1178 FreeRTOS/tasks.o
 .debug_line    0x00002889      0x38e HAL/LCD/LCD_prog.o
 .debug_line    0x00002c17       0xc4 MCAL/ADC/ADC_prog.o
 .debug_line    0x00002cdb      0x1dc MCAL/DIO/DIO_prog.o
 .debug_line    0x00002eb7      0x222 MCAL/EXTI/EXTI_prg.o
 .debug_line    0x000030d9      0x149 MCAL/TIMER0/TIMER0_prog.o
 .debug_line    0x00003222       0xcf MCAL/UART/UART_prog.o

.debug_frame    0x00000000      0xff8
 *(.debug_frame)
 .debug_frame   0x00000000       0xc8 APP/main.o
 .debug_frame   0x000000c8       0x8c FreeRTOS/heap_2.o
 .debug_frame   0x00000154       0x88 FreeRTOS/list.o
 .debug_frame   0x000001dc       0x84 FreeRTOS/port.o
 .debug_frame   0x00000260      0x340 FreeRTOS/queue.o
 .debug_frame   0x000005a0      0x5c4 FreeRTOS/tasks.o
 .debug_frame   0x00000b64      0x118 HAL/LCD/LCD_prog.o
 .debug_frame   0x00000c7c       0x34 MCAL/ADC/ADC_prog.o
 .debug_frame   0x00000cb0       0x74 MCAL/DIO/DIO_prog.o
 .debug_frame   0x00000d24      0x19c MCAL/EXTI/EXTI_prg.o
 .debug_frame   0x00000ec0       0xf4 MCAL/TIMER0/TIMER0_prog.o
 .debug_frame   0x00000fb4       0x44 MCAL/UART/UART_prog.o

.debug_str      0x00000000     0x1895
 *(.debug_str)
 .debug_str     0x00000000      0x196 C:/Program Files (x86)/Atmel/Studio/7.0/Packs/atmel/ATmega_DFP/1.7.374/gcc/dev/atmega32/avr5/crtatmega32.o
 .debug_str     0x00000196      0x364 APP/main.o
                                0x3a8 (size before relaxing)
 .debug_str     0x000004fa      0x17a FreeRTOS/heap_2.o
                                0x2ef (size before relaxing)
 .debug_str     0x00000674      0x125 FreeRTOS/list.o
                                0x2a6 (size before relaxing)
 .debug_str     0x00000799      0x11f FreeRTOS/port.o
                                0x29f (size before relaxing)
 .debug_str     0x000008b8      0x4fc FreeRTOS/queue.o
                                0x7ea (size before relaxing)
 .debug_str     0x00000db4      0x7dc FreeRTOS/tasks.o
                                0xcb2 (size before relaxing)
 .debug_str     0x00001590       0xcc HAL/LCD/LCD_prog.o
                                0x2f2 (size before relaxing)
 .debug_str     0x0000165c       0x26 MCAL/ADC/ADC_prog.o
                                0x1a5 (size before relaxing)
 .debug_str     0x00001682       0x87 MCAL/DIO/DIO_prog.o
                                0x21d (size before relaxing)
 .debug_str     0x00001709       0xec MCAL/EXTI/EXTI_prg.o
                                0x254 (size before relaxing)
 .debug_str     0x000017f5       0x7b MCAL/TIMER0/TIMER0_prog.o
                                0x1f6 (size before relaxing)
 .debug_str     0x00001870       0x25 MCAL/UART/UART_prog.o
                                0x1ad (size before relaxing)

.debug_loc      0x00000000     0x5218
 *(.debug_loc)
 .debug_loc     0x00000000      0x2b2 APP/main.o
 .debug_loc     0x000002b2      0x2a8 FreeRTOS/heap_2.o
 .debug_loc     0x0000055a      0x145 FreeRTOS/list.o
 .debug_loc     0x0000069f      0x2a0 FreeRTOS/port.o
 .debug_loc     0x0000093f     0x1b8d FreeRTOS/queue.o
 .debug_loc     0x000024cc     0x1f4f FreeRTOS/tasks.o
 .debug_loc     0x0000441b      0x571 HAL/LCD/LCD_prog.o
 .debug_loc     0x0000498c       0x21 MCAL/ADC/ADC_prog.o
 .debug_loc     0x000049ad      0x30c MCAL/DIO/DIO_prog.o
 .debug_loc     0x00004cb9      0x363 MCAL/EXTI/EXTI_prg.o
 .debug_loc     0x0000501c      0x1fc MCAL/TIMER0/TIMER0_prog.o

.debug_macinfo
 *(.debug_macinfo)

.debug_weaknames
 *(.debug_weaknames)

.debug_funcnames
 *(.debug_funcnames)

.debug_typenames
 *(.debug_typenames)

.debug_varnames
 *(.debug_varnames)

.debug_pubtypes
 *(.debug_pubtypes)

.debug_ranges   0x00000000      0x4f0
 *(.debug_ranges)
 .debug_ranges  0x00000000       0x30 APP/main.o
 .debug_ranges  0x00000030       0x30 FreeRTOS/heap_2.o
 .debug_ranges  0x00000060       0x30 FreeRTOS/list.o
 .debug_ranges  0x00000090       0x40 FreeRTOS/port.o
 .debug_ranges  0x000000d0      0x120 FreeRTOS/queue.o
 .debug_ranges  0x000001f0      0x1b0 FreeRTOS/tasks.o
 .debug_ranges  0x000003a0       0x50 HAL/LCD/LCD_prog.o
 .debug_ranges  0x000003f0       0x18 MCAL/ADC/ADC_prog.o
 .debug_ranges  0x00000408       0x38 MCAL/DIO/DIO_prog.o
 .debug_ranges  0x00000440       0x60 MCAL/EXTI/EXTI_prg.o
 .debug_ranges  0x000004a0       0x30 MCAL/TIMER0/TIMER0_prog.o
 .debug_ranges  0x000004d0       0x20 MCAL/UART/UART_prog.o

.debug_macro
 *(.debug_macro)
OUTPUT(SmartHome.elf elf32-avr)
LOAD linker stubs
